// Jest Snapshot v1, https://goo.gl/fbAQLP

exports[`Prueba componente GifItem Debe hacer match con el snapshot  1`] = `
<div>
  <article
    class="card"
  >
    <img
      alt="Titulo de pruebas"
      src="http://localhost/url_de_pruebas"
    />
    <p>
      Titulo de pruebas
    </p>
  </article>
</div>
`;
