// Jest Snapshot v1, https://goo.gl/fbAQLP

exports[`Pruebas componente CounterAppMejorado Debe hacer match con el snapshot 1`] = `
<div>
  <h1>
    Counter App Mejorado
  </h1>
  <h3>
    Valor: 
    22
  </h3>
  <button>
     +1 
  </button>
  <button>
     -1 
  </button>
  <button
    aria-label="btn-reset"
  >
    Reset
  </button>
</div>
`;
